// Jest Snapshot v1, https://goo.gl/fbAQLP

exports[`Intro Intro container/component should match the snapshot 1`] = `
<form
  id="intro-container"
  onSubmit={[Function]}
>
  <img
    alt="mtv trivia logo"
    id="large-logo"
    src="mtv_logo_yellow.png"
  />
  <h1
    id="trivia-text"
  >
    T R I V I A
  </h1>
  <input
    id="name-input"
    maxLength="10"
    name="name"
    onChange={[Function]}
    placeholder="enter your name..."
    required={true}
    type="text"
    value=""
  />
  <div
    id="difficulty-dropbox-container"
  >
    <p
      id="difficulty-text"
    >
      difficulty:
    </p>
    <select
      id="difficulty-dropbox"
      onChange={[Function]}
    >
      <option
        value="easy"
      >
        easy
      </option>
      <option
        value="medium"
      >
        medium
      </option>
      <option
        value="hard"
      >
        hard
      </option>
    </select>
  </div>
  <button
    id="start-game-button"
    onClick={[Function]}
    type="submit"
  >
    start game
  </button>
</form>
`;
